{
    "pipeline": "pipeline_id",
    "job details": {
        "job category": "preprocessing",
        "job name": "fdclean",
        "job type": "pure python",
        "job id": "job_id",
        "start_time": "2024-10-18 08:21:36",
        "end_time": "2024-10-18 08:21:37",
        "status": "success"
    },
    "code": {
        "github": "github",
        "commit_hash": "12345",
        "path": "path"
    },
    "job_input_params": {
        "document_id_column": "int_id_column",
        "duplicate_list_location": "/Users/nelson/workspace/Research/DataPreprocessing/ibm/active/data-prep-kit/transforms/universal/fdedup/python/output/docs_to_remove_consolidated/docs_to_remove_consolidated.parquet",
        "operation_mode": "filter_duplicates",
        "checkpointing": false,
        "max_files": -1,
        "random_samples": -1,
        "files_to_use": [".parquet"],
        "num_processors": 0
    },
    "execution_stats": {
        "cpus": 69.5,
        "gpus": 0,
        "memory": 25.11,
        "object_store": 0,
        "execution time, min": 0.003
    },
    "job_output_stats": {
        "source_files": 1,
        "source_size": 3093,
        "result_files": 1,
        "result_size": 14986,
        "processing_time": 0.201,
        "input_files": 1,
        "input_docs": 5,
        "input_bytes": 6143,
        "output_files": 1,
        "output_docs": 5,
        "output_bytes": 6141,
        "filtered_docs": 0,
        "filtered_bytes": 2,
        "source_doc_count": 5,
        "result_doc_count": 5
    },
    "source": {
        "name": "/Users/nelson/workspace/Research/DataPreprocessing/ibm/active/data-prep-kit/transforms/universal/fdedup/python/test-data/input/data_1",
        "type": "path"
    },
    "target": {
        "name": "/Users/nelson/workspace/Research/DataPreprocessing/ibm/active/data-prep-kit/transforms/universal/fdedup/python/output_sec2/cleaned",
        "type": "path"
    }
}
