{
    "pipeline": "pipeline_id",
    "job details": {
        "job category": "preprocessing",
        "job name": "minhash",
        "job type": "pure python",
        "job id": "job_id",
        "start_time": "2024-10-18 08:15:20",
        "end_time": "2024-10-18 08:15:21",
        "status": "success"
    },
    "code": {
        "github": "github",
        "commit_hash": "12345",
        "path": "path"
    },
    "job_input_params": {
        "document_id_column": "int_id_column",
        "contents_column": "contents",
        "seed": 42,
        "num_permutations": 112,
        "jaccard_similarity_threshold": 0.75,
        "word_shingle_size": 5,
        "num_bands": 14,
        "num_minhashes_per_band": 8,
        "num_segments": 2,
        "checkpointing": false,
        "max_files": -1,
        "random_samples": -1,
        "files_to_use": [".parquet"],
        "num_processors": 0
    },
    "execution_stats": {
        "cpus": 69.0,
        "gpus": 0,
        "memory": 25.13,
        "object_store": 0,
        "execution time, min": 0.006
    },
    "job_output_stats": {
        "source_files": 1,
        "source_size": 3093,
        "result_files": 0,
        "processing_time": 0.38,
        "source_doc_count": 5,
        "result_doc_count": 0,
        "input_files": 1,
        "input_docs": 5,
        "input_bytes": 6143,
        "output_files": 25,
        "output_docs": 70,
        "output_bytes": 33600
    },
    "source": {
        "name": "/Users/nelson/workspace/Research/DataPreprocessing/ibm/active/data-prep-kit/transforms/universal/fdedup/python/test-data/input/data_1",
        "type": "path"
    },
    "target": {
        "name": "/Users/nelson/workspace/Research/DataPreprocessing/ibm/active/data-prep-kit/transforms/universal/fdedup/python/output_sec2",
        "type": "path"
    }
}
