{
  "pipeline": "pipeline_id",
  "job details": {
    "job category": "preprocessing",
    "job name": "CodeProfiler",
    "job type": "ray",
    "job id": "job_id",
    "start_time": "2024-11-08 14:20:06",
    "end_time": "2024-11-08 14:20:13",
    "status": "success"
  },
  "code": {
    "github": "github",
    "commit_hash": "12345",
    "path": "path"
  },
  "job_input_params": {
    "language": "Language",
    "contents": "Contents",
    "checkpointing": false,
    "max_files": -1,
    "random_samples": -1,
    "files_to_use": [
      ".parquet"
    ],
    "number of workers": 3,
    "worker options": {
      "num_cpus": 1,
      "max_restarts": -1
    },
    "actor creation delay": 0
  },
  "execution_stats": {
    "cpus": 48,
    "gpus": 0,
    "memory": 118.53776989039034,
    "object_store": 54.79328384343535,
    "execution time, min": 0.125
  },
  "job_output_stats": {
    "source_files": 1,
    "source_size": 25925,
    "result_files": 1,
    "result_size": 59359,
    "processing_time": 0.755,
    "source_documents": 5,
    "result_documents": 7,
    "nrows": 400,
    "source_doc_count": 400,
    "result_doc_count": 400
  },
  "source": {
    "name": "/root/data-prep-kit/transforms/code/code_profiler/ray/test-data/input",
    "type": "path"
  },
  "target": {
    "name": "/root/data-prep-kit/transforms/code/code_profiler/ray/test-data/expected",
    "type": "path"
  }
}