{
  "pipeline": "pipeline_id",
  "job details": {
    "job category": "preprocessing",
    "job name": "web2parquet",
    "job type": "pure python",
    "job id": "job_id",
    "start_time": "2024-11-12 20:39:44",
    "end_time": "2024-11-12 20:39:45",
    "status": "success"
  },
  "code": {
    "github": "github",
    "commit_hash": "12345",
    "path": "path"
  },
  "job_input_params": {
    "depth": 1,
    "downloads": 1,
    "folder": null,
    "urls": "https://thealliance.ai/",
    "checkpointing": false,
    "max_files": -1,
    "random_samples": -1,
    "files_to_use": [
      ".parquet"
    ],
    "num_processors": 0
  },
  "execution_stats": {
    "cpus": 13.7,
    "gpus": 0,
    "memory": 14.5,
    "object_store": 0,
    "execution time, min": 0.016
  },
  "job_output_stats": {
    "source_files": 1,
    "source_size": 485,
    "result_files": 1,
    "result_size": 32039,
    "processing_time": 0.94,
    "count": 1,
    "requested_seeds": 1,
    "requested_depth": 1,
    "requested_downloads": 1,
    "source_doc_count": 1,
    "result_doc_count": 1
  },
  "source": {
    "name": "/Users/touma/data-prep-kit/transforms/universal/web2parquet/test-data/input",
    "type": "path"
  },
  "target": {
    "name": "/Users/touma/data-prep-kit/transforms/universal/web2parquet/output",
    "type": "path"
  }
}