{
    "pipeline": "pipeline_id",
    "job details": {
        "job category": "preprocessing",
        "job name": "cluster",
        "job type": "pure python",
        "job id": "job_id",
        "start_time": "2024-10-18 08:17:19",
        "end_time": "2024-10-18 08:17:19",
        "status": "success"
    },
    "code": {
        "github": "github",
        "commit_hash": "12345",
        "path": "path"
    },
    "job_input_params": {
        "jaccard_similarity_threshold": 0.0,
        "num_bands": 14,
        "num_segments": 2,
        "checkpointing": false,
        "max_files": -1,
        "random_samples": -1,
        "files_to_use": [".parquet"],
        "num_processors": 0
    },
    "execution_stats": {
        "cpus": 71.6,
        "gpus": 0,
        "memory": 24.71,
        "object_store": 0,
        "execution time, min": 0.001
    },
    "job_output_stats": {
        "result_files": 28,
        "result_size": 33665,
        "processing_time": 0.052,
        "input_files": 28,
        "input_bytes": 78286,
        "input_rows": 70,
        "consolidated_files": 28,
        "consolidated_bytes": 33600,
        "consolidated_rows": 70,
        "groupby_clusters": 14,
        "cluster_duplicate_docs": 33,
        "jaccard_clusters": 14,
        "jaccard_duplicate_docs": 19,
        "num_duplicate_documents": 19
    },
    "source": {
        "name": "/Users/nelson/workspace/Research/DataPreprocessing/ibm/active/data-prep-kit/transforms/universal/fdedup/python/output_sec2/bands",
        "type": "path"
    },
    "target": {
        "name": "/Users/nelson/workspace/Research/DataPreprocessing/ibm/active/data-prep-kit/transforms/universal/fdedup/python/output_sec2/docs_to_remove",
        "type": "path"
    }
}
